// Jest Snapshot v1, https://goo.gl/fbAQLP

exports[`Dropdown snapshot testing renders a list of options 1`] = `
<select
  onChange={[Function]}
  value="10"
>
  <option
    value="10"
  >
    Del Piero
  </option>
  <option
    value="21"
  >
    Dybala
  </option>
</select>
`;
